
> swiftstock@0.1.0 build
> next build

Γû▓ Next.js 16.1.6 (Turbopack)
- Environments: .env

node.exe : ΓÜá The "middleware" file convention is deprecated. Please use "proxy" 
instead. Learn more: https://nextjs.org/docs/messages/middleware-to-proxy
At line:1 char:1
+ & "C:\Program Files\nodejs/node.exe" "C:\Program Files\nodejs/node_mo ...
+ ~~~~~~~~~~~~~~~~~~~~~~~~~~~~~~~~~~~~~~~~~~~~~~~~~~~~~~~~~~~~~~~~~~~~~
    + CategoryInfo          : NotSpecified: (ΓÜá The "middle...leware-to-proxy:Stri 
   ng) [], RemoteException
    + FullyQualifiedErrorId : NativeCommandError
 
  Creating an optimized production build ...
Error: Can't resolve '~@uploadthing/react/styles.css' in 
'C:\Users\HP\Desktop\WebDevelopment\SaaS\swiftstock\src\app'
    [2m[at finishWithoutResolve (C:\Users\HP\Desktop\WebDevelopment\SaaS\swiftstock
\node_modules\enhanced-resolve\lib\Resolver.js:586:18)][0m
    [2m[at C:\Users\HP\Desktop\WebDevelopment\SaaS\swiftstock\node_modules\enhanced
-resolve\lib\Resolver.js:678:14][0m
    [2m[at C:\Users\HP\Desktop\WebDevelopment\SaaS\swiftstock\node_modules\enhanced
-resolve\lib\Resolver.js:739:5][0m
    [2m[at eval (eval at create (C:\Users\HP\Desktop\WebDevelopment\SaaS\swiftstock
\node_modules\tapable\lib\HookCodeFactory.js:31:10), <anonymous>:15:1)][0m
    [2m[at C:\Users\HP\Desktop\WebDevelopment\SaaS\swiftstock\node_modules\enhanced
-resolve\lib\Resolver.js:739:5][0m
    [2m[at eval (eval at create (C:\Users\HP\Desktop\WebDevelopment\SaaS\swiftstock
\node_modules\tapable\lib\HookCodeFactory.js:31:10), <anonymous>:27:1)][0m
    [2m[at C:\Users\HP\Desktop\WebDevelopment\SaaS\swiftstock\node_modules\enhanced
-resolve\lib\DescriptionFilePlugin.js:89:43][0m
    [2m[at C:\Users\HP\Desktop\WebDevelopment\SaaS\swiftstock\node_modules\enhanced
-resolve\lib\Resolver.js:739:5][0m
    [2m[at eval (eval at create (C:\Users\HP\Desktop\WebDevelopment\SaaS\swiftstock
\node_modules\tapable\lib\HookCodeFactory.js:31:10), <anonymous>:15:1)][0m
    [2m[at C:\Users\HP\Desktop\WebDevelopment\SaaS\swiftstock\node_modules\enhanced
-resolve\lib\Resolver.js:739:5][0m {
  details: "resolve '~@uploadthing/react/styles.css' in 
'C:\\Users\\HP\\Desktop\\WebDevelopment\\SaaS\\swiftstock\\src\\app'\n" +
    '  Parsed request is a module\n' +
    '  using description file: 
C:\\Users\\HP\\Desktop\\WebDevelopment\\SaaS\\swiftstock\\package.json (relative 
path: ./src/app)\n' +
    '    resolve as module\n' +
    "      
C:\\Users\\HP\\Desktop\\WebDevelopment\\SaaS\\swiftstock\\src\\app\\node_modules 
doesn't exist or is not a directory\n" +
    "      
C:\\Users\\HP\\Desktop\\WebDevelopment\\SaaS\\swiftstock\\src\\node_modules doesn't 
exist or is not a directory\n" +
    '      looking for modules in 
C:\\Users\\HP\\Desktop\\WebDevelopment\\SaaS\\swiftstock\\node_modules\n' +
    "        C:\\Users\\HP\\Desktop\\WebDevelopment\\SaaS\\swiftstock\\node_modules\
\~@uploadthing doesn't exist\n" +
    "      C:\\Users\\HP\\Desktop\\WebDevelopment\\SaaS\\node_modules doesn't exist 
or is not a directory\n" +
    "      C:\\Users\\HP\\Desktop\\WebDevelopment\\node_modules doesn't exist or is 
not a directory\n" +
    "      C:\\Users\\HP\\Desktop\\node_modules doesn't exist or is not a 
directory\n" +
    "      C:\\Users\\HP\\node_modules doesn't exist or is not a directory\n" +
    "      C:\\Users\\node_modules doesn't exist or is not a directory\n" +
    "      C:\\node_modules doesn't exist or is not a directory"
}

> Build error occurred
Error: Turbopack build failed with 1 errors:
./src/app/globals.css
Error evaluating Node.js code
CssSyntaxError: tailwindcss: 
C:\Users\HP\Desktop\WebDevelopment\SaaS\swiftstock\src\app\globals.css:1:1: Can't 
resolve '~@uploadthing/react/styles.css' in 
'C:\Users\HP\Desktop\WebDevelopment\SaaS\swiftstock\src\app'
    at Input.error (node_modules/postcss/lib/input.js:135:16) [C:\Users\HP\Desktop\W
ebDevelopment\SaaS\swiftstock\.next\build\chunks\node_modules_fe693df6._.js:4651:22]
    at Root.error (node_modules/postcss/lib/node.js:146:32) [C:\Users\HP\Desktop\Web
Development\SaaS\swiftstock\.next\build\chunks\node_modules_fe693df6._.js:928:38]
    [at Object.Once (C:\Users\HP\Desktop\WebDevelopment\SaaS\swiftstock\node_modules
\@tailwindcss\postcss\dist\index.js:10:6913)]
    [at process.processTicksAndRejections (node:internal/process/task_queues:105:5)]
    at async LazyResult.runAsync (node_modules/postcss/lib/lazy-result.js:293:11) [C
:\Users\HP\Desktop\WebDevelopment\SaaS\swiftstock\.next\build\chunks\node_modules_fe
693df6._.js:6206:21]
    at async transform (turbopack:///[turbopack-node]/transforms/postcss.ts:70:34) [
C:\Users\HP\Desktop\WebDevelopment\SaaS\swiftstock\.next\build\chunks\[root-of-the-s
erver]__51225daf._.js:146:36]
    at async run (turbopack:///[turbopack-node]/ipc/evaluate.ts:92:23) [C:\Users\HP\
Desktop\WebDevelopment\SaaS\swiftstock\.next\build\chunks\[root-of-the-server]__9749
41ed._.js:443:31]

Import trace:
  Client Component Browser:
    ./src/app/globals.css [Client Component Browser]
    ./src/app/layout.tsx [Server Component]


    at async transform (turbopack:///[turbopack-node]/transforms/postcss.ts:70:34) [
C:\Users\HP\Desktop\WebDevelopment\SaaS\swiftstock\.next\build\chunks\[root-of-the-s
erver]__51225daf._.js:146:36])
    at async run (turbopack:///[turbopack-node]/ipc/evaluate.ts:92:23) [C:\Users\HP\
Desktop\WebDevelopment\SaaS\swiftstock\.next\build\chunks\[root-of-the-server]__9749
41ed._.js:443:31])
